// Jest Snapshot v1, https://goo.gl/fbAQLP

exports[`Test de <GifItem/> Debe hacer match con el snapshot 1`] = `
<div>
  <div
    class="card"
  >
    <img
      alt="Berserk"
      src="https://i.blogs.es/755972/berserk-manga-2/1366_2000.jpeg"
    />
    <p>
      Berserk
    </p>
  </div>
</div>
`;
